[www.memobottle.eu.com/pages/the-memobottle-story.html]
[conditional-redirect.spicegems.com/js/scripttags/memobottle-eu/static/country-redirect8a0a.js]
[cdn.shopify.com/s/files/1/1306/8743/files/favicon-01_32x3256ce.png]
[backblue.gif]
[fade.gif]
[index.html]
[cdn.shopify.com/s/files/1/1306/8743/t/20/assets/pluginsa8f1.css]
[cdn.shopify.com/s/files/1/1306/8743/t/20/assets/timber.scssa8f1.css]
[cdn.shopify.com/s/javascripts/tricorder/trekkie.storefront.min97e4.js]
[cdn.shopify.com/s/assets/shop_events_listener-acf771159f9849ef6e5265782c99efe8b99406214c96a4373224ecafe285d7bb.js]
[cdn.shopify.com/s/assets/themes_support/ga_urchin_forms-99e991855b3d8ddc69e625c68ab0579dd9927b611c2ec4943d396c72e3af0849.js]
[ajax.googleapis.com/ajax/libs/jquery/1.11.0/jquery.min.js]
[cdn.shopify.com/s/files/1/1306/8743/t/20/assets/modernizr.mina8f1.js]
[cdn.shopify.com/s/assets/storefront/features-e87392afe29fe307282f4e6aad12cb4bcc2afefd6b7febf0b70edfd315f9684c.js]
[cdn.shopify.com/s/assets/storefront/express_buttons-646307822f46ed653e67b5a23f6b2e4a7f38cb3a0df37b067fd9cc5898551c0c.js]
[static.zdassets.com/ekr/asset_composer.js]
[cdn.getshogun.com/c07fe5f5-80ce-45a5-8336-287088dad697-2.css]
[connect.facebook.net/en_US/fbevents.js]
[cdn.shopify.com/s/files/1/1306/8743/files/MEMOBOTTLE_LOGO_BLACK_120x296e.png]
[cdn.getshogun.com/c07fe5f5-80ce-45a5-8336-287088dad697.js]
[www.memobottle.eu.com/pages/store-locator.html]
[www.memobottle.eu.com/pages/media-portal.html]
[www.memobottle.eu.com/pages/wholesale.html]
[www.memobottle.eu.com/pages/cobranding.html]
[www.memobottle.eu.com/pages/contact.html]
[www.memobottle.eu.com/pages/order-lookup.html]
[www.memobottle.eu.com/pages/privacy-policy.html]
[www.memobottle.eu.com/pages/terms-and-conditions.html]
[cdn.shopify.com/s/files/1/1306/8743/t/20/assets/fastclick.mina8f1.js]
[cdn.shopify.com/s/files/1/1306/8743/t/20/assets/instafeeda8f1.js]
[cdn.shopify.com/s/javascripts/currencies.js]
[cdn.shopify.com/s/files/1/1306/8743/t/20/assets/timbera8f1.js]
[cdn.shopify.com/s/files/1/1306/8743/t/20/assets/customa8f1.js]
[cdn.shopify.com/s/files/1/1306/8743/t/20/assets/pluginsa8f1.js]
[cdn.shopify.com/s/files/1/1306/8743/t/20/assets/jquery.currencies.mina8f1.js]
[cdn.shopify.com/s/assets/checkout/easy-checkout-btn-paypal-9835af2c2b0e2a543b2905789a7f08b678d62de2c77c1b0d16fd7689aff463f3.png]
[www.memobottle.eu.com/pages/the-memobottle-story.html]
[cdn.shopify.com/s/files/1/1306/8743/t/20/assets/handlebars.mina8f1.js]
[cdn.shopify.com/s/files/1/1306/8743/t/20/assets/ajax-carta8f1.js]
[cdn.shopify.com/s/files/1/1306/8743/t/20/assets/fontawesome-webfonta982.woff2]
[downloads.mailchimp.com/js/signup-forms/popup/embed.js]
[cdn.shopify.com/s/files/1/1306/8743/t/20/assets/fontawesome-webfonta982.woff]
[cdn.shopify.com/s/files/1/1306/8743/t/20/assets/fontawesome-webfonta982.eot]
[cdn.shopify.com/s/files/1/1306/8743/t/20/assets/fontawesome-webfont852c.eot]
[cdn.shopify.com/s/files/1/1306/8743/t/20/assets/fontawesome-webfonta982.ttf]
[cdn.shopify.com/s/files/1/1306/8743/t/20/assets/fontawesome-webfonta982.svg]
[cdn.shopify.com/s/files/1/1306/8743/t/20/assets/font/VideoJSd41d.eot]
[cdn.shopify.com/s/files/1/1306/8743/t/20/assets/owl.video.play.png]
[cdn.shopify.com/s/files/1/1306/8743/t/20/assets/fancybox_sprite.png]
[cdn.shopify.com/s/files/1/1306/8743/t/20/assets/fancybox_loading.gif]
[cdn.shopify.com/s/files/1/1306/8743/t/20/assets/blank.gif]
[cdn.shopify.com/s/files/1/1306/8743/t/20/assets/fancybox_overlay903c.png]
[cdn.shopify.com/s/files/1/1306/8743/t/20/assets/fancybox_sprite@2x.png]
[cdn.shopify.com/s/files/1/1306/8743/t/20/assets/fancybox_loading@2x.gif]
[cdn.shopify.com/s/files/1/1306/8743/t/20/assets/flexslider-icon903c.eot]
[cdn.shopify.com/s/files/1/1306/8743/t/20/assets/flexslider-icon4ae8.eot]
[cdn.shopify.com/s/files/1/1306/8743/t/20/assets/flexslider-icon903c.woff]
[cdn.shopify.com/s/files/1/1306/8743/t/20/assets/flexslider-icon903c.ttf]
[cdn.shopify.com/s/files/1/1306/8743/t/20/assets/flexslider-icon903c.svg#flexslider-icon]
[cdn.shopify.com/s/files/1/1306/8743/t/20/assets/icons7a03.woff]
[cdn.shopify.com/s/files/1/1306/8743/t/20/assets/icons7a03.eot]
[cdn.shopify.com/s/files/1/1306/8743/t/20/assets/icons4953.eot]
[cdn.shopify.com/s/files/1/1306/8743/t/20/assets/icons7a03.ttf]
[cdn.shopify.com/s/files/1/1306/8743/t/20/assets/iconscbdf.svg]
[cdn.shopify.com/s/files/1/1306/8743/t/20/assets/pluginsa8f1.css]
[cdn.shopify.com/s/files/1/1306/8743/t/20/assets/icons903c.woff]
[cdn.shopify.com/s/files/1/1306/8743/t/20/assets/icons903c.eot]
[cdn.shopify.com/s/files/1/1306/8743/t/20/assets/icons903c.ttf]
[cdn.shopify.com/s/files/1/1306/8743/t/20/assets/icons903c.svg]
[cdn.shopify.com/s/files/1/1306/8743/t/20/assets/ico-select903c.svg]
[cdn.shopify.com/s/files/1/1306/8743/t/20/assets/slider-arrows903c.png]
[cdn.shopify.com/s/files/1/1306/8743/t/20/assets/timber.scssa8f1.css]
[cdn.getshogun.com/c07fe5f5-80ce-45a5-8336-287088dad697-2.css]
[www.memobottle.eu.com/pages/POST.43.delayed]
[connect.facebook.net/en_US/fbevents.js]
[www.memobottle.eu.com/pages/store-locator.html]
[cdn.getshogun.com/8ef06b06-b249-446e-9916-4a5f10dd77b0.css]
[cdn.storelocatorwidgets.com/widget/widget.js]
[www.memobottle.eu.com/pages/media-portal.html]
[cdn.getshogun.com/8ef06b06-b249-446e-9916-4a5f10dd77b0.js]
[cdn.getshogun.com/bcd0f549-024e-41fe-a18f-45a42705fc8e-2.css]
[www.memobottle.eu.com/pages/wholesale.html]
[cdn.getshogun.com/bcd0f549-024e-41fe-a18f-45a42705fc8e.js]
[cdn.getshogun.com/a6849a57-790d-4b09-b612-fe594166701c.css]
[cdn.getshogun.com/4886cb52-9b3f-4723-a063-254c060bd9f3-2.css]
[www.memobottle.eu.com/pages/cobranding.html]
[cdn.getshogun.com/4886cb52-9b3f-4723-a063-254c060bd9f3.js]
[cdn.getshogun.com/334560a2-f924-4244-8df1-a6342f11a40f-2.css]
[www.memobottle.eu.com/pages/contact.html]
[www.memobottle.eu.com/pages/order-lookup.html]
[cdn.getshogun.com/334560a2-f924-4244-8df1-a6342f11a40f.js]
[www.memobottle.eu.com/pages/privacy-policy.html]
[www.memobottle.eu.com/pages/terms-and-conditions.html]
[www.memobottle.eu.com/pages/cookie-policy.html]
[cdn.shopify.com/s/files/1/1306/8743/t/20/assets/fontawesome-webfonta982.svg]
[cdn.shopify.com/s/files/1/1306/8743/t/20/assets/font/VideoJSd41d.html]
[cdn.shopify.com/s/files/1/1306/8743/t/20/assets/owl.video.play.html]
[cdn.shopify.com/s/files/1/1306/8743/t/20/assets/blank.html]
[cdn.shopify.com/s/files/1/1306/8743/t/20/assets/flexslider-icon903c.html]
[cdn.shopify.com/s/files/1/1306/8743/t/20/assets/flexslider-icon4ae8.html]
[cdn.shopify.com/s/files/1/1306/8743/t/20/assets/flexslider-icon903c-2.html]
[cdn.shopify.com/s/files/1/1306/8743/t/20/assets/flexslider-icon903c-3.html]
[cdn.shopify.com/s/files/1/1306/8743/t/20/assets/flexslider-icon903c-4.html]
[cdn.shopify.com/s/files/1/1306/8743/t/20/assets/iconscbdf.svg]
[cdn.shopify.com/s/files/1/1306/8743/t/20/assets/icons903c.svg]
[cdn.shopify.com/s/files/1/1306/8743/t/20/assets/ico-select903c.svg]
[www.memobottle.eu.com/pages/POST.html]
[cdn.getshogun.com/8ef06b06-b249-446e-9916-4a5f10dd77b0.css]
[cdn.getshogun.com/bcd0f549-024e-41fe-a18f-45a42705fc8e-2.css]
[cdn.getshogun.com/a6849a57-790d-4b09-b612-fe594166701c.css]
[cdn.getshogun.com/4886cb52-9b3f-4723-a063-254c060bd9f3-2.css]
[cdn.getshogun.com/334560a2-f924-4244-8df1-a6342f11a40f-2.css]
[www.memobottle.eu.com/pages/cookie-policy.html]
